../Core/myLibrary/SevenSegment.cpp:10:1:SevenSegment::SevenSegment()	16	static
../Core/myLibrary/SevenSegment.cpp:15:1:SevenSegment::SevenSegment(const segmentsPin (&)[8], const segmentDigit*, uint8_t, bool)	24	static
../Core/myLibrary/SevenSegment.cpp:28:6:void SevenSegment::intilization(const segmentsPin (&)[8], const segmentDigit*, uint8_t, bool)	24	static
../Core/myLibrary/SevenSegment.cpp:41:6:bool SevenSegment::message(const char*)	24	static
../Core/myLibrary/SevenSegment.cpp:79:9:uint8_t SevenSegment::intToString(int)	40	static
../Core/myLibrary/SevenSegment.cpp:126:9:uint8_t SevenSegment::intToString(int, char (&)[16])	48	static
../Core/myLibrary/SevenSegment.cpp:157:6:void SevenSegment::floatToString(float)	72	static
../Core/myLibrary/SevenSegment.cpp:196:6:bool SevenSegment::setNumber(int32_t)	24	static
../Core/myLibrary/SevenSegment.cpp:218:6:bool SevenSegment::setNumberF(float)	32	static
../Core/myLibrary/SevenSegment.cpp:234:6:void SevenSegment::setDash()	24	static
../Core/myLibrary/SevenSegment.cpp:241:6:void SevenSegment::refreshDisplay() volatile	16	static
../Core/myLibrary/SevenSegment.cpp:254:6:void SevenSegment::loadSymbol() volatile	24	static
../Core/myLibrary/SevenSegment.cpp:269:6:void SevenSegment::segmentON() volatile	24	static
../Core/myLibrary/SevenSegment.cpp:278:6:void SevenSegment::segmentOFF() volatile	24	static
../Core/myLibrary/SevenSegment.cpp:287:6:void SevenSegment::operator<<(const char*)	32	static
../Core/myLibrary/SevenSegment.cpp:334:1:SevenSegment::~SevenSegment()	16	static
