../Core/myLibrary/SevenSegment.cpp:10:1:SevenSegment::SevenSegment()	16	static
../Core/myLibrary/SevenSegment.cpp:15:1:SevenSegment::SevenSegment(const segmentsPin (&)[8], const segmentDigit*, uint8_t, bool)	24	static
../Core/myLibrary/SevenSegment.cpp:28:6:void SevenSegment::intilization(const segmentsPin (&)[8], const segmentDigit*, uint8_t, bool)	24	static
../Core/myLibrary/SevenSegment.cpp:40:6:bool SevenSegment::message(const char*)	24	static
../Core/myLibrary/SevenSegment.cpp:78:9:uint8_t SevenSegment::intToString(int)	40	static
../Core/myLibrary/SevenSegment.cpp:125:9:uint8_t SevenSegment::intToString(int, char (&)[16])	48	static
../Core/myLibrary/SevenSegment.cpp:156:6:void SevenSegment::floatToString(float)	72	static
../Core/myLibrary/SevenSegment.cpp:199:6:bool SevenSegment::setNumber(int32_t)	24	static
../Core/myLibrary/SevenSegment.cpp:221:6:bool SevenSegment::setNumberF(float)	32	static
../Core/myLibrary/SevenSegment.cpp:237:6:void SevenSegment::setDash()	24	static
../Core/myLibrary/SevenSegment.cpp:244:6:void SevenSegment::refreshDisplay()	16	static
../Core/myLibrary/SevenSegment.cpp:257:6:void SevenSegment::loadSymbol()	24	static
../Core/myLibrary/SevenSegment.cpp:272:6:void SevenSegment::segmentON()	24	static
../Core/myLibrary/SevenSegment.cpp:281:6:void SevenSegment::segmentOFF()	24	static
../Core/myLibrary/SevenSegment.cpp:290:6:void SevenSegment::operator<<(const char*)	32	static
../Core/myLibrary/SevenSegment.cpp:337:1:SevenSegment::~SevenSegment()	16	static
